[20:24:35] E3b office s0 HGB test=0.3520 cv=0.4315 (19s)
[20:25:32] E3b office s1 HGB test=0.3520 cv=0.4315 (57s)
[20:27:27] E3b office s2 HGB test=0.3520 cv=0.4315 (114s)
[20:28:58] E3b apartment s0 HGB test=0.8337 cv=0.6829 (91s)
[20:29:14] E3b apartment s1 HGB test=0.8337 cv=0.6829 (16s)
[20:29:31] E3b apartment s2 HGB test=0.8337 cv=0.6829 (17s)
[20:29:57] E3b building s0 HGB test=0.6200 cv=0.7649 (26s)
[20:29:59] E7 office frac=1.0 seed=0
[20:30:01] E7 office frac=1.0 seed=1
[20:30:03] E7 office frac=1.0 seed=2
[20:30:04] E7 office frac=0.75 seed=0
[20:30:06] E7 office frac=0.75 seed=1
[20:30:08] E7 office frac=0.75 seed=2
[20:30:10] E7 office frac=0.5 seed=0
[20:30:11] E7 office frac=0.5 seed=1
[20:30:13] E7 office frac=0.5 seed=2
[20:30:15] E7 office frac=0.25 seed=0
[20:30:17] E7 office frac=0.25 seed=1
[20:30:19] E7 office frac=0.25 seed=2
[20:30:22] E7 apartment frac=1.0 seed=0
[20:30:24] E7 apartment frac=1.0 seed=1
[20:30:27] E7 apartment frac=1.0 seed=2
[20:30:30] E7 apartment frac=0.75 seed=0
[20:30:32] E7 apartment frac=0.75 seed=1
[20:30:34] E7 apartment frac=0.75 seed=2
[20:30:36] E7 apartment frac=0.5 seed=0
[20:30:39] E7 apartment frac=0.5 seed=1
[20:30:41] E7 apartment frac=0.5 seed=2
[20:30:42] E7 apartment frac=0.25 seed=0
[20:30:44] E7 apartment frac=0.25 seed=1
[20:30:46] E7 apartment frac=0.25 seed=2
[20:31:01] E7 building frac=1.0 seed=0
[20:31:17] E7 building frac=1.0 seed=1
[20:31:43] E7 building frac=1.0 seed=2
[20:32:14] E7 building frac=0.75 seed=0
[20:32:43] E7 building frac=0.75 seed=1
[20:33:12] E7 building frac=0.75 seed=2
[20:33:30] E7 building frac=0.5 seed=0
[20:33:46] E7 building frac=0.5 seed=1
[20:34:03] E7 building frac=0.5 seed=2
[20:34:11] E7 building frac=0.25 seed=0
[20:34:17] E7 building frac=0.25 seed=1
[20:34:21] E7 building frac=0.25 seed=2
[20:34:21] done
EXIT 0
