====================================================================================================
FINAL PAPER EXPERIMENT SUITE
====================================================================================================
Project root : C:\Users\Mo7AmjMiro\Desktop\ZZZZZ
Dataset dir  : C:\Users\Mo7AmjMiro\Desktop\ZZZZZ\dataset
Baseline     : RF300-F1.0
Proposed     : RF300-F0.7
Seed         : 42
Build only   : False

====================================================================================================
RUNNING: paper_all_contributions_wifi_rtt_rss.py
====================================================================================================
======================================================================================================================
PAPER EXPERIMENT: HYBRID RTT+RSS + SUBSPACE RF + RP GROUPING + CIRCLE/ELLIPSE
======================================================================================================================
Dataset directory : C:\Users\Mo7AmjMiro\Desktop\ZZZZZ\dataset
Output directory  : C:\Users\Mo7AmjMiro\Desktop\ZZZZZ\paper_results_all_contributions
RF trees          : 300
Baseline F        : 1.0
Proposed F        : 0.7
Grouped CV folds  : 5
OOF folds         : 5
Calibration frac. : 0.25

----------------------------------------------------------------------------------------------------------------------
BUILDING
----------------------------------------------------------------------------------------------------------------------
Rows train/test: 57960/19080 | RPs train/test: 483/159 | RP overlap: 0 | APs: 13
Training full-data baseline RF300-F1.0...
Training full-data proposed RF300-F0.7...
Paper-compatible metric (m): published=0.6000, F1.0=0.5988, F0.7=0.5130
Running RP-grouped CV...
Running strict grouped split-conformal circle/ellipse experiment...
Generating full-training RP-grouped OOF residuals...

----------------------------------------------------------------------------------------------------------------------
OFFICE
----------------------------------------------------------------------------------------------------------------------
Rows train/test: 3360/1080 | RPs train/test: 28/9 | RP overlap: 0 | APs: 3
Training full-data baseline RF300-F1.0...
Training full-data proposed RF300-F0.7...
Paper-compatible metric (m): published=0.3800, F1.0=0.3695, F0.7=0.3435
Running RP-grouped CV...
Running strict grouped split-conformal circle/ellipse experiment...
Generating full-training RP-grouped OOF residuals...

----------------------------------------------------------------------------------------------------------------------
APARTMENT
----------------------------------------------------------------------------------------------------------------------
Rows train/test: 9720/3480 | RPs train/test: 81/29 | RP overlap: 0 | APs: 4
Training full-data baseline RF300-F1.0...
Training full-data proposed RF300-F0.7...
Paper-compatible metric (m): published=0.5900, F1.0=0.6002, F0.7=0.5693
Running RP-grouped CV...
Running strict grouped split-conformal circle/ellipse experiment...
Generating full-training RP-grouped OOF residuals...

======================================================================================================================
PAPER-READY CONTRIBUTION SUMMARY
======================================================================================================================
  dataset  published_metric_m  reproduced_F1_metric_m  proposed_F07_metric_m  F07_improvement_vs_F1_pct  F07_improvement_vs_published_pct  F07_grouped_fit_metric_m  F07_full_train_metric_m  full_train_improvement_vs_grouped_fit_pct  strict90_circle_coverage  strict90_circle_area_m2  strict90_ellipse_coverage  strict90_ellipse_area_m2  strict90_ellipse_area_change_vs_circle_pct  oof90_circle_coverage  oof90_ellipse_coverage
 building              0.6000                  0.5988                 0.5130                    14.3204                           14.4933                    0.5937                   0.5130                                    13.5908                    0.9520                   8.2086                     0.9539                    7.9043                                     -3.7071                 0.9653                  0.9653
   office              0.3800                  0.3695                 0.3435                     7.0519                            9.6180                    0.3448                   0.3435                                     0.3777                    0.9991                   3.2838                     0.9648                    3.1382                                     -4.4336                 0.9824                  0.9426
apartment              0.5900                  0.6002                 0.5693                     5.1445                            3.5123                    0.6447                   0.5693                                    11.6979                    0.8276                   6.3949                     0.8218                    5.8911                                     -7.8793                 0.9201                  0.9009

Bootstrap paired point-localization comparison:
  dataset  bootstrap_repeats     difference_definition  mean_difference_m  ci95_low_m  ci95_high_m  fraction_proposed_better
 building               1000 proposed_minus_baseline_m           -0.08571    -0.10943     -0.06385                   1.00000
   office               1000 proposed_minus_baseline_m           -0.02637    -0.04840     -0.00752                   0.99700
apartment               1000 proposed_minus_baseline_m           -0.02727    -0.10664      0.05710                   0.74600

All tables:
  paper_results_all_contributions\tables\cluster_bootstrap_comparison.csv
  paper_results_all_contributions\tables\contribution_summary.csv
  paper_results_all_contributions\tables\data_utilization_ablation.csv
  paper_results_all_contributions\tables\dataset_summary.csv
  paper_results_all_contributions\tables\feature_importance.csv
  paper_results_all_contributions\tables\full_oof_uncertainty_results.csv
  paper_results_all_contributions\tables\grouped_cv_fold_results.csv
  paper_results_all_contributions\tables\grouped_cv_summary.csv
  paper_results_all_contributions\tables\grouped_oof_residuals.csv
  paper_results_all_contributions\tables\oof_residual_summary.csv
  paper_results_all_contributions\tables\point_localization_results.csv
  paper_results_all_contributions\tables\published_comparison.csv
  paper_results_all_contributions\tables\split_conformal_results.csv

All plots:
  paper_results_all_contributions\plots\00_method_workflow.png
  paper_results_all_contributions\plots\aggregate_compute_inference.png
  paper_results_all_contributions\plots\aggregate_compute_model_size.png
  paper_results_all_contributions\plots\aggregate_compute_training.png
  paper_results_all_contributions\plots\aggregate_data_utilization_75_vs_100.png
  paper_results_all_contributions\plots\aggregate_paper_metric_comparison.png
  paper_results_all_contributions\plots\apartment_dataset_ap_missingness.png
  paper_results_all_contributions\plots\apartment_dataset_feature_correlation.png
  paper_results_all_contributions\plots\apartment_dataset_rp_map.png
  paper_results_all_contributions\plots\apartment_dataset_rss_distribution.png
  paper_results_all_contributions\plots\apartment_dataset_rtt_distribution.png
  paper_results_all_contributions\plots\apartment_dataset_samples_per_rp.png
  paper_results_all_contributions\plots\apartment_result_error_boxplot.png
  paper_results_all_contributions\plots\apartment_result_error_cdf.png
  paper_results_all_contributions\plots\apartment_result_feature_importance.png
  paper_results_all_contributions\plots\apartment_result_grouped_cv_folds.png
  paper_results_all_contributions\plots\apartment_result_percentile_profile.png
  paper_results_all_contributions\plots\apartment_result_spatial_error_RF300-F0_7.png
  paper_results_all_contributions\plots\apartment_result_spatial_error_RF300-F1_0.png
  paper_results_all_contributions\plots\apartment_uncertainty_circle_vs_ellipse_area.png
  paper_results_all_contributions\plots\apartment_uncertainty_coverage_vs_area.png
  paper_results_all_contributions\plots\apartment_uncertainty_example_regions_90.png
  paper_results_all_contributions\plots\apartment_uncertainty_nominal_vs_coverage.png
  paper_results_all_contributions\plots\apartment_uncertainty_oof_residual_cdf.png
  paper_results_all_contributions\plots\apartment_uncertainty_oof_residual_scatter.png
  paper_results_all_contributions\plots\building_dataset_ap_missingness.png
  paper_results_all_contributions\plots\building_dataset_feature_correlation.png
  paper_results_all_contributions\plots\building_dataset_rp_map.png
  paper_results_all_contributions\plots\building_dataset_rss_distribution.png
  paper_results_all_contributions\plots\building_dataset_rtt_distribution.png
  paper_results_all_contributions\plots\building_dataset_samples_per_rp.png
  paper_results_all_contributions\plots\building_result_error_boxplot.png
  paper_results_all_contributions\plots\building_result_error_cdf.png
  paper_results_all_contributions\plots\building_result_feature_importance.png
  paper_results_all_contributions\plots\building_result_grouped_cv_folds.png
  paper_results_all_contributions\plots\building_result_percentile_profile.png
  paper_results_all_contributions\plots\building_result_spatial_error_RF300-F0_7.png
  paper_results_all_contributions\plots\building_result_spatial_error_RF300-F1_0.png
  paper_results_all_contributions\plots\building_uncertainty_circle_vs_ellipse_area.png
  paper_results_all_contributions\plots\building_uncertainty_coverage_vs_area.png
  paper_results_all_contributions\plots\building_uncertainty_example_regions_90.png
  paper_results_all_contributions\plots\building_uncertainty_nominal_vs_coverage.png
  paper_results_all_contributions\plots\building_uncertainty_oof_residual_cdf.png
  paper_results_all_contributions\plots\building_uncertainty_oof_residual_scatter.png
  paper_results_all_contributions\plots\office_dataset_ap_missingness.png
  paper_results_all_contributions\plots\office_dataset_feature_correlation.png
  paper_results_all_contributions\plots\office_dataset_rp_map.png
  paper_results_all_contributions\plots\office_dataset_rss_distribution.png
  paper_results_all_contributions\plots\office_dataset_rtt_distribution.png
  paper_results_all_contributions\plots\office_dataset_samples_per_rp.png
  paper_results_all_contributions\plots\office_result_error_boxplot.png
  paper_results_all_contributions\plots\office_result_error_cdf.png
  paper_results_all_contributions\plots\office_result_feature_importance.png
  paper_results_all_contributions\plots\office_result_grouped_cv_folds.png
  paper_results_all_contributions\plots\office_result_percentile_profile.png
  paper_results_all_contributions\plots\office_result_spatial_error_RF300-F0_7.png
  paper_results_all_contributions\plots\office_result_spatial_error_RF300-F1_0.png
  paper_results_all_contributions\plots\office_uncertainty_circle_vs_ellipse_area.png
  paper_results_all_contributions\plots\office_uncertainty_coverage_vs_area.png
  paper_results_all_contributions\plots\office_uncertainty_example_regions_90.png
  paper_results_all_contributions\plots\office_uncertainty_nominal_vs_coverage.png
  paper_results_all_contributions\plots\office_uncertainty_oof_residual_cdf.png
  paper_results_all_contributions\plots\office_uncertainty_oof_residual_scatter.png

SCIENTIFIC REMINDER:
  'strict_grouped_split' is the clean split-conformal experiment.
  'full_train_grouped_oof_empirical' uses all TRAIN RPs but must not be
  described as ordinary split-conformal with an exact finite-sample
  guarantee unless a formally justified cross-conformal/CV+ construction
  is adopted in the final methodology.

Done.

Elapsed: 263.39 s
Log: C:\Users\Mo7AmjMiro\Desktop\ZZZZZ\paper_results\logs\01_original_dataset_engine.log

====================================================================================================
RUNNING: eetac_external_validation_subspace_rf_v2.py
====================================================================================================
====================================================================================================
EETAC EXTERNAL VALIDATION: RF300-F1.0 vs SUBSPACE RF300-F0.7
====================================================================================================

Loading Day 1...
Day 1: 2500 rows, 25 RPs, 8 physical AP groups.

Loading Day 2...
Day 2: 2500 rows, 25 RPs, 8 physical AP groups.

Day-frame alignment audit:
 n_rps  identity_matches  mirror_y_matches  uninformative_centre_row_rps selected
    25                 4                22                             5 mirror_y
Applied Day-2 y -> 8 - y alignment.

Day 1 available physical APs: ['G1', 'G2', 'G3', 'G4', 'L1', 'L2', 'L3', 'L4']
Day 2 available physical APs: ['G1', 'G2', 'G3', 'G4', 'L1', 'L2', 'L3']
Common RTT+RSS APs: ['G1', 'G2', 'G3', 'G4', 'L1', 'L2', 'L3']
Combined canonical reference points: 25

Inferred AP locations:
physical_ap vendor_group  inferred_x_m  inferred_y_m  best_rp_mean_rss_dbm
         G1       Google          19.2           0.0               -51.210
         G2       Google           0.0           0.0               -53.875
         G3       Google           0.0           8.0               -44.335
         G4       Google          19.2           8.0               -39.830
         L1      Linksys           0.0           4.0               -43.830
         L2      Linksys           9.6           0.0               -44.415
         L3      Linksys           9.6           0.0               -45.330

Scenarios:
              scenario  n_physical_aps         physical_aps  n_features                                                     note
        Medium_4Google               4          G1;G2;G3;G4           8                            Unambiguous 4-Google scenario
            Low_diag_A               2                G2;G4           4 Topology-defined variant; do not cherry-pick by accuracy
            Low_diag_B               2                G1;G3           4 Topology-defined variant; do not cherry-pick by accuracy
 High_4Google_3Linksys               7 G1;G2;G3;G4;L1;L2;L3          14 Topology-defined variant; do not cherry-pick by accuracy
All_common_exploratory               7 G1;G2;G3;G4;L1;L2;L3          14                                              Exploratory

[Medium_4Google] APs=['G1', 'G2', 'G3', 'G4']
  - Stratified row CV
  - Strict RP-grouped CV

[Low_diag_A] APs=['G2', 'G4']
  - Stratified row CV
  - Strict RP-grouped CV

[Low_diag_B] APs=['G1', 'G3']
  - Stratified row CV
  - Strict RP-grouped CV

[High_4Google_3Linksys] APs=['G1', 'G2', 'G3', 'G4', 'L1', 'L2', 'L3']
  - Stratified row CV
  - Strict RP-grouped CV

[All_common_exploratory] APs=['G1', 'G2', 'G3', 'G4', 'L1', 'L2', 'L3']
  - Stratified row CV
  - Strict RP-grouped CV

Cross-day: Medium_4Google

Cross-day: Low_diag_A

Cross-day: Low_diag_B

Cross-day: High_4Google_3Linksys

Cross-day: All_common_exploratory

====================================================================================================
PRIMARY EXTERNAL-VALIDATION RESULT: MEDIUM (4 GOOGLE APs)
====================================================================================================
            protocol       scenario      model  rmse_2d_m  rmse_2d_std_m  mean_error_m  median_error_m  p90_error_m  p95_error_m  train_time_s  predict_time_s
   stratified_row_cv Medium_4Google RF300-F0.7     0.2916         0.0356        0.0521          0.0000       0.0520       0.2032        0.4905          0.0735
   stratified_row_cv Medium_4Google RF300-F1.0     0.3311         0.0438        0.0504          0.0000       0.0140       0.1342        0.5558          0.0803
strict_rp_grouped_cv Medium_4Google RF300-F0.7     2.4624         0.5860        2.1779          1.9961       3.8064       4.3121        0.5087          0.0821
strict_rp_grouped_cv Medium_4Google RF300-F1.0     2.8552         0.6710        2.4769          2.0460       4.5954       5.2547        0.5497          0.0741

Medium improvement:
            protocol       scenario  baseline_rmse_2d_m  proposed_rmse_2d_m  rmse_reduction_pct  baseline_p90_m  proposed_p90_m  p90_reduction_pct  baseline_train_time_s  proposed_train_time_s  train_time_reduction_pct  baseline_predict_time_s  proposed_predict_time_s  predict_time_reduction_pct
   stratified_row_cv Medium_4Google              0.3311              0.2916             11.9282          0.0140          0.0520          -271.4286                 0.5558                 0.4905                   11.7599                   0.0803                   0.0735                      8.4299
strict_rp_grouped_cv Medium_4Google              2.8552              2.4624             13.7547          4.5954          3.8064            17.1695                 0.5497                 0.5087                    7.4537                   0.0741                   0.0821                    -10.7914

Medium cross-day:
      scenario  train_day  test_day  baseline_rmse_2d_m  proposed_rmse_2d_m  rmse_reduction_pct  baseline_p90_m  proposed_p90_m  p90_reduction_pct
Medium_4Google          1         2              1.3312              1.2527              5.8908          2.1051          2.0603             2.1284
Medium_4Google          2         1              1.5406              1.2220             20.6784          2.6648          2.2444            15.7776

====================================================================================================
INTERPRETATION RULES
====================================================================================================
1. Use Medium_4Google as the cleanest external benchmark first.
2. Report BOTH Low diagonal variants until the exact paper AP labels are confirmed.
3. Report BOTH High short-wall variants until the exact Linksys subset is confirmed.
4. Do not tune max_features on this dataset: F=0.7 was frozen from the original study.
5. Primary accuracy metric here is TRUE 2D RMSE in metres.
6. Stratified-row CV and RP-grouped CV answer different research questions; never mix them.
7. Cross-day results test temporal robustness and are especially useful for the paper.
8. The script snaps Day-1 y=8.1 m to the canonical y=8.0 m top row so the same physical RP is grouped consistently.

Results saved to: C:\Users\Mo7AmjMiro\Desktop\ZZZZZ\eetac_external_validation_results

Elapsed: 134.89 s
Log: C:\Users\Mo7AmjMiro\Desktop\ZZZZZ\paper_results\logs\02_eetac_engine.log

Verified: all 9 paper tables and all 7 paper figures were created in both requested formats.

====================================================================================================
DONE
====================================================================================================
Elapsed      : 406.43 s
Tables       : C:\Users\Mo7AmjMiro\Desktop\ZZZZZ\paper_results\tables
Figures      : C:\Users\Mo7AmjMiro\Desktop\ZZZZZ\paper_results\figures
Raw outputs  : C:\Users\Mo7AmjMiro\Desktop\ZZZZZ\paper_results\raw
Logs         : C:\Users\Mo7AmjMiro\Desktop\ZZZZZ\paper_results\logs
Environment  : C:\Users\Mo7AmjMiro\Desktop\ZZZZZ\paper_results\environment.txt
Metadata     : C:\Users\Mo7AmjMiro\Desktop\ZZZZZ\paper_results\protocol_metadata.json

Next step: inspect Tables 3--9 and Figs. 6--12 before writing Section VI.
