Script: C:\Users\Mo7AmjMiro\Desktop\ZZZZZ\scripts\original_dataset\paper_all_contributions_wifi_rtt_rss.py
Return code: 0
Elapsed seconds: 263.390687

======================================================================================================================
PAPER EXPERIMENT: HYBRID RTT+RSS + SUBSPACE RF + RP GROUPING + CIRCLE/ELLIPSE
======================================================================================================================
Dataset directory : C:\Users\Mo7AmjMiro\Desktop\ZZZZZ\dataset
Output directory  : C:\Users\Mo7AmjMiro\Desktop\ZZZZZ\paper_results_all_contributions
RF trees          : 300
Baseline F        : 1.0
Proposed F        : 0.7
Grouped CV folds  : 5
OOF folds         : 5
Calibration frac. : 0.25

----------------------------------------------------------------------------------------------------------------------
BUILDING
----------------------------------------------------------------------------------------------------------------------
Rows train/test: 57960/19080 | RPs train/test: 483/159 | RP overlap: 0 | APs: 13
Training full-data baseline RF300-F1.0...
Training full-data proposed RF300-F0.7...
Paper-compatible metric (m): published=0.6000, F1.0=0.5988, F0.7=0.5130
Running RP-grouped CV...
Running strict grouped split-conformal circle/ellipse experiment...
Generating full-training RP-grouped OOF residuals...

----------------------------------------------------------------------------------------------------------------------
OFFICE
----------------------------------------------------------------------------------------------------------------------
Rows train/test: 3360/1080 | RPs train/test: 28/9 | RP overlap: 0 | APs: 3
Training full-data baseline RF300-F1.0...
Training full-data proposed RF300-F0.7...
Paper-compatible metric (m): published=0.3800, F1.0=0.3695, F0.7=0.3435
Running RP-grouped CV...
Running strict grouped split-conformal circle/ellipse experiment...
Generating full-training RP-grouped OOF residuals...

----------------------------------------------------------------------------------------------------------------------
APARTMENT
----------------------------------------------------------------------------------------------------------------------
Rows train/test: 9720/3480 | RPs train/test: 81/29 | RP overlap: 0 | APs: 4
Training full-data baseline RF300-F1.0...
Training full-data proposed RF300-F0.7...
Paper-compatible metric (m): published=0.5900, F1.0=0.6002, F0.7=0.5693
Running RP-grouped CV...
Running strict grouped split-conformal circle/ellipse experiment...
Generating full-training RP-grouped OOF residuals...

======================================================================================================================
PAPER-READY CONTRIBUTION SUMMARY
======================================================================================================================
  dataset  published_metric_m  reproduced_F1_metric_m  proposed_F07_metric_m  F07_improvement_vs_F1_pct  F07_improvement_vs_published_pct  F07_grouped_fit_metric_m  F07_full_train_metric_m  full_train_improvement_vs_grouped_fit_pct  strict90_circle_coverage  strict90_circle_area_m2  strict90_ellipse_coverage  strict90_ellipse_area_m2  strict90_ellipse_area_change_vs_circle_pct  oof90_circle_coverage  oof90_ellipse_coverage
 building              0.6000                  0.5988                 0.5130                    14.3204                           14.4933                    0.5937                   0.5130                                    13.5908                    0.9520                   8.2086                     0.9539                    7.9043                                     -3.7071                 0.9653                  0.9653
   office              0.3800                  0.3695                 0.3435                     7.0519                            9.6180                    0.3448                   0.3435                                     0.3777                    0.9991                   3.2838                     0.9648                    3.1382                                     -4.4336                 0.9824                  0.9426
apartment              0.5900                  0.6002                 0.5693                     5.1445                            3.5123                    0.6447                   0.5693                                    11.6979                    0.8276                   6.3949                     0.8218                    5.8911                                     -7.8793                 0.9201                  0.9009

Bootstrap paired point-localization comparison:
  dataset  bootstrap_repeats     difference_definition  mean_difference_m  ci95_low_m  ci95_high_m  fraction_proposed_better
 building               1000 proposed_minus_baseline_m           -0.08571    -0.10943     -0.06385                   1.00000
   office               1000 proposed_minus_baseline_m           -0.02637    -0.04840     -0.00752                   0.99700
apartment               1000 proposed_minus_baseline_m           -0.02727    -0.10664      0.05710                   0.74600

All tables:
  paper_results_all_contributions\tables\cluster_bootstrap_comparison.csv
  paper_results_all_contributions\tables\contribution_summary.csv
  paper_results_all_contributions\tables\data_utilization_ablation.csv
  paper_results_all_contributions\tables\dataset_summary.csv
  paper_results_all_contributions\tables\feature_importance.csv
  paper_results_all_contributions\tables\full_oof_uncertainty_results.csv
  paper_results_all_contributions\tables\grouped_cv_fold_results.csv
  paper_results_all_contributions\tables\grouped_cv_summary.csv
  paper_results_all_contributions\tables\grouped_oof_residuals.csv
  paper_results_all_contributions\tables\oof_residual_summary.csv
  paper_results_all_contributions\tables\point_localization_results.csv
  paper_results_all_contributions\tables\published_comparison.csv
  paper_results_all_contributions\tables\split_conformal_results.csv

All plots:
  paper_results_all_contributions\plots\00_method_workflow.png
  paper_results_all_contributions\plots\aggregate_compute_inference.png
  paper_results_all_contributions\plots\aggregate_compute_model_size.png
  paper_results_all_contributions\plots\aggregate_compute_training.png
  paper_results_all_contributions\plots\aggregate_data_utilization_75_vs_100.png
  paper_results_all_contributions\plots\aggregate_paper_metric_comparison.png
  paper_results_all_contributions\plots\apartment_dataset_ap_missingness.png
  paper_results_all_contributions\plots\apartment_dataset_feature_correlation.png
  paper_results_all_contributions\plots\apartment_dataset_rp_map.png
  paper_results_all_contributions\plots\apartment_dataset_rss_distribution.png
  paper_results_all_contributions\plots\apartment_dataset_rtt_distribution.png
  paper_results_all_contributions\plots\apartment_dataset_samples_per_rp.png
  paper_results_all_contributions\plots\apartment_result_error_boxplot.png
  paper_results_all_contributions\plots\apartment_result_error_cdf.png
  paper_results_all_contributions\plots\apartment_result_feature_importance.png
  paper_results_all_contributions\plots\apartment_result_grouped_cv_folds.png
  paper_results_all_contributions\plots\apartment_result_percentile_profile.png
  paper_results_all_contributions\plots\apartment_result_spatial_error_RF300-F0_7.png
  paper_results_all_contributions\plots\apartment_result_spatial_error_RF300-F1_0.png
  paper_results_all_contributions\plots\apartment_uncertainty_circle_vs_ellipse_area.png
  paper_results_all_contributions\plots\apartment_uncertainty_coverage_vs_area.png
  paper_results_all_contributions\plots\apartment_uncertainty_example_regions_90.png
  paper_results_all_contributions\plots\apartment_uncertainty_nominal_vs_coverage.png
  paper_results_all_contributions\plots\apartment_uncertainty_oof_residual_cdf.png
  paper_results_all_contributions\plots\apartment_uncertainty_oof_residual_scatter.png
  paper_results_all_contributions\plots\building_dataset_ap_missingness.png
  paper_results_all_contributions\plots\building_dataset_feature_correlation.png
  paper_results_all_contributions\plots\building_dataset_rp_map.png
  paper_results_all_contributions\plots\building_dataset_rss_distribution.png
  paper_results_all_contributions\plots\building_dataset_rtt_distribution.png
  paper_results_all_contributions\plots\building_dataset_samples_per_rp.png
  paper_results_all_contributions\plots\building_result_error_boxplot.png
  paper_results_all_contributions\plots\building_result_error_cdf.png
  paper_results_all_contributions\plots\building_result_feature_importance.png
  paper_results_all_contributions\plots\building_result_grouped_cv_folds.png
  paper_results_all_contributions\plots\building_result_percentile_profile.png
  paper_results_all_contributions\plots\building_result_spatial_error_RF300-F0_7.png
  paper_results_all_contributions\plots\building_result_spatial_error_RF300-F1_0.png
  paper_results_all_contributions\plots\building_uncertainty_circle_vs_ellipse_area.png
  paper_results_all_contributions\plots\building_uncertainty_coverage_vs_area.png
  paper_results_all_contributions\plots\building_uncertainty_example_regions_90.png
  paper_results_all_contributions\plots\building_uncertainty_nominal_vs_coverage.png
  paper_results_all_contributions\plots\building_uncertainty_oof_residual_cdf.png
  paper_results_all_contributions\plots\building_uncertainty_oof_residual_scatter.png
  paper_results_all_contributions\plots\office_dataset_ap_missingness.png
  paper_results_all_contributions\plots\office_dataset_feature_correlation.png
  paper_results_all_contributions\plots\office_dataset_rp_map.png
  paper_results_all_contributions\plots\office_dataset_rss_distribution.png
  paper_results_all_contributions\plots\office_dataset_rtt_distribution.png
  paper_results_all_contributions\plots\office_dataset_samples_per_rp.png
  paper_results_all_contributions\plots\office_result_error_boxplot.png
  paper_results_all_contributions\plots\office_result_error_cdf.png
  paper_results_all_contributions\plots\office_result_feature_importance.png
  paper_results_all_contributions\plots\office_result_grouped_cv_folds.png
  paper_results_all_contributions\plots\office_result_percentile_profile.png
  paper_results_all_contributions\plots\office_result_spatial_error_RF300-F0_7.png
  paper_results_all_contributions\plots\office_result_spatial_error_RF300-F1_0.png
  paper_results_all_contributions\plots\office_uncertainty_circle_vs_ellipse_area.png
  paper_results_all_contributions\plots\office_uncertainty_coverage_vs_area.png
  paper_results_all_contributions\plots\office_uncertainty_example_regions_90.png
  paper_results_all_contributions\plots\office_uncertainty_nominal_vs_coverage.png
  paper_results_all_contributions\plots\office_uncertainty_oof_residual_cdf.png
  paper_results_all_contributions\plots\office_uncertainty_oof_residual_scatter.png

SCIENTIFIC REMINDER:
  'strict_grouped_split' is the clean split-conformal experiment.
  'full_train_grouped_oof_empirical' uses all TRAIN RPs but must not be
  described as ordinary split-conformal with an exact finite-sample
  guarantee unless a formally justified cross-conformal/CV+ construction
  is adopted in the final methodology.

Done.
